
> elevate-connect-frontend@0.0.0 build
> tsc && vite build

src/pages/Dashboard.tsx(12,12): error TS6133: 'applications' is declared but its value is never read.
src/pages/TPODashboard.tsx(1,8): error TS6133: 'React' is declared but its value is never read.
src/services/authService.ts(1,1): error TS6133: 'fetchWithAuth' is declared but its value is never read.
